layer at (0,0) size 800x600
  RenderView at (0,0) size 800x600
layer at (0,0) size 800x386
  RenderBlock {html} at (0,0) size 800x386
    RenderBody {body} at (5,5) size 790x375
      RenderTable {table} at (41,0) size 707x375
        RenderTableSection (anonymous) at (0,0) size 707x375
          RenderTableRow {tr} at (0,0) size 707x375
            RenderTableCell {td} at (0,0) size 707x375 [r=0 c=0 rs=1 cs=3]
              RenderTable {table} at (6,6) size 694x362
                RenderTableSection (anonymous) at (0,0) size 693x361
                  RenderTableRow {tr} at (0,1) size 693x68
                    RenderTableCell {td} at (1,1) size 691x68 [r=0 c=0 rs=1 cs=2]
                      RenderBlock {h1} at (5,20) size 680x27
                        RenderText {#text} at (99,0) size 481x26
                          text run at (99,0) width 481: "Both sides should have identical size after zooming"
                  RenderTableRow {tr} at (0,69) size 693x25
                    RenderTableCell {td} at (1,69) size 345x25 [r=1 c=0 rs=1 cs=1]
                      RenderText {#text} at (145,5) size 54x14
                        text run at (145,5) width 54: "SVG Image"
                    RenderTableCell {td} at (347,69) size 345x25 [r=1 c=1 rs=1 cs=1]
                      RenderText {#text} at (145,5) size 54x14
                        text run at (145,5) width 54: "PNG Image"
                  RenderTableRow {tr} at (0,95) size 693x265
                    RenderTableCell {td} at (1,95) size 345x265 [r=2 c=0 rs=1 cs=1]
                      RenderEmbeddedObject {object} at (5,5) size 334x251
                        layer at (0,0) size 333x250
                          RenderView at (0,0) size 333x250
                        layer at (0,0) size 333x250
                          RenderSVGRoot {svg} at (0,0) size 232x174
                            RenderSVGContainer {g} at (12,21) size 182x115
                              RenderSVGRect {rect} at (13,21) size 26x41 [stroke={[type=SOLID] [color=#000000]}] [x=30.00] [y=46.00] [width=50.00] [height=80.00]
                              RenderSVGRect {rect} at (62,22) size 25x40 [fill={[type=SOLID] [color=#FF0000]}] [x=130.00] [y=46.00] [width=50.00] [height=80.00]
                              RenderSVGRect {rect} at (120,21) size 26x41 [stroke={[type=SOLID] [color=#000000]}] [x=250.00] [y=46.00] [width=50.00] [height=80.00]
                              RenderSVGRect {rect} at (168,22) size 26x40 [fill={[type=SOLID] [color=#FF0000]}] [x=350.00] [y=46.00] [width=50.00] [height=80.00]
                              RenderSVGRect {rect} at (12,92) size 29x44 [stroke={[type=SOLID] [color=#0000FF] [stroke width=8.00]}] [x=30.00] [y=196.00] [width=50.00] [height=80.00]
                              RenderSVGRect {rect} at (60,92) size 29x44 [stroke={[type=SOLID] [color=#0000FF] [stroke width=8.00]}] [fill={[type=SOLID] [color=#00FF00]}] [x=130.00] [y=196.00] [width=50.00] [height=80.00]
                              RenderSVGRect {rect} at (118,92) size 29x44 [stroke={[type=SOLID] [color=#0000FF] [stroke width=8.00]}] [x=250.00] [y=196.00] [width=50.00] [height=80.00]
                              RenderSVGRect {rect} at (168,94) size 26x40 [fill={[type=SOLID] [color=#00FF00]}] [x=350.00] [y=196.00] [width=50.00] [height=80.00]
                            RenderSVGText {text} at (10,303) size 264x47 contains 1 chunk(s)
                              RenderSVGInlineText {#text} at (0,0) size 264x47
                                chunk 1 text run 1 at (10.00,340.00) startOffset 0 endOffset 16 width 263.34: "$Revision: 1.7 $"
                            RenderSVGRect {rect} at (0,0) size 232x174 [stroke={[type=SOLID] [color=#000000]}] [x=1.00] [y=1.00] [width=478.00] [height=358.00]
                      RenderText {#text} at (0,0) size 0x0
                    RenderTableCell {td} at (347,95) size 345x265 [r=2 c=1 rs=1 cs=1]
                      RenderImage {img} at (5,5) size 334x251
                      RenderText {#text} at (0,0) size 0x0
